/usr/share/texlive/texmf-dist/tex/generic/dcpic/europroc.cls
/usr/share/texlive/texmf-dist/tex/generic/xypic/movie.cls
/usr/share/texmf/tex/latex/hebclass/hebtech.cls
/usr/share/texmf/tex/latex/hebclass/iitcsw.cls
/usr/share/texmf/tex/latex/hebclass/iitsmnr.cls
/usr/share/texmf/tex/latex/lyx/broadway.cls
/usr/share/texmf/tex/latex/lyx/hollywood.cls
/usr/share/texmf/tex/latex/lyx/revtex.cls
/usr/share/texmf/tex/latex/prosper/prosper.cls
/usr/share/texlive/texmf-dist/tex/lualatex/simurgh/simurgh-doc.cls
/usr/share/texlive/texmf-dist/tex/latex/computational-complexity/cc.cls
/usr/share/texlive/texmf-dist/tex/latex/hepthesis/hepthesis.cls
/usr/share/texlive/texmf-dist/tex/latex/sciposter/sciposter.cls
/usr/share/texlive/texmf-dist/tex/latex/IEEEconf/IEEEconf.cls
/usr/share/texlive/texmf-dist/tex/latex/IEEEtran/IEEEtran.cls
/usr/share/texlive/texmf-dist/tex/latex/aastex/aastex.cls
/usr/share/texlive/texmf-dist/tex/latex/abntex2/abntex2.cls
/usr/share/texlive/texmf-dist/tex/latex/acmconf/acmconf.cls
/usr/share/texlive/texmf-dist/tex/latex/active-conf/active-conf.cls
/usr/share/texlive/texmf-dist/tex/latex/adfathesis/adfathesis.cls
/usr/share/texlive/texmf-dist/tex/latex/afthesis/afthesis.cls
/usr/share/texlive/texmf-dist/tex/latex/aguplus/aguplus.cls
/usr/share/texlive/texmf-dist/tex/latex/aiaa/aiaa-tc.cls
/usr/share/texlive/texmf-dist/tex/latex/aomart/aomart.cls
/usr/share/texlive/texmf-dist/tex/latex/apa/apa.cls
/usr/share/texlive/texmf-dist/tex/latex/apa6/apa6.cls
/usr/share/texlive/texmf-dist/tex/latex/apa6e/apa6e.cls
/usr/share/texlive/texmf-dist/tex/latex/articleingud/articleingud.cls
/usr/share/texlive/texmf-dist/tex/latex/asaetr/asaetr.cls
/usr/share/texlive/texmf-dist/tex/latex/ascelike/ascelike.cls
/usr/share/texlive/texmf-dist/tex/latex/beamer-FUBerlin/FUbeamer.cls
/usr/share/texlive/texmf-dist/tex/latex/bgteubner/bgteubner.cls
/usr/share/texlive/texmf-dist/tex/latex/brandeis-dissertation/brandeis-dissertation.cls
/usr/share/texlive/texmf-dist/tex/latex/cascadilla/cascadilla.cls
/usr/share/texlive/texmf-dist/tex/latex/confproc/confproc.cls
/usr/share/texlive/texmf-dist/tex/latex/dccpaper/idcc.cls
/usr/share/texlive/texmf-dist/tex/latex/dccpaper/ijdc-v9.cls
/usr/share/texlive/texmf-dist/tex/latex/ebsthesis/ebsthesis.cls
/usr/share/texlive/texmf-dist/tex/latex/ejpecp/ejpecp.cls
/usr/share/texlive/texmf-dist/tex/latex/elbioimp/elbioimp.cls
/usr/share/texlive/texmf-dist/tex/latex/elsarticle/elsarticle.cls
/usr/share/texlive/texmf-dist/tex/latex/elteikthesis/elteikthesis.cls
/usr/share/texlive/texmf-dist/tex/latex/erdc/erdc.cls
/usr/share/texlive/texmf-dist/tex/latex/estcpmm/estcpmm.cls
/usr/share/texlive/texmf-dist/tex/latex/fbithesis/fbithesis.cls
/usr/share/texlive/texmf-dist/tex/latex/gaceta/gaceta.cls
/usr/share/texlive/texmf-dist/tex/latex/gatech-thesis/gatech-thesis.cls
/usr/share/texlive/texmf-dist/tex/latex/icsv/icsv.cls
/usr/share/texlive/texmf-dist/tex/latex/ijmart/ijmart.cls
/usr/share/texlive/texmf-dist/tex/latex/imtekda/IMTEKda.cls
/usr/share/texlive/texmf-dist/tex/latex/jmlr/jmlrbook.cls
/usr/share/texlive/texmf-dist/tex/latex/jmlr/jmlr.cls
/usr/share/texlive/texmf-dist/tex/latex/jpsj/jpsj2.cls
/usr/share/texlive/texmf-dist/tex/latex/kdgdocs/kdgmasterthesis.cls
/usr/share/texlive/texmf-dist/tex/latex/kdgdocs/kdgcoursetext.cls
/usr/share/texlive/texmf-dist/tex/latex/kluwer/kluwer.cls
/usr/share/texlive/texmf-dist/tex/latex/lps/lps.cls
/usr/share/texlive/texmf-dist/tex/latex/matc3mem/matc3mem.cls
/usr/share/texlive/texmf-dist/tex/latex/mentis/mentis.cls
/usr/share/texlive/texmf-dist/tex/latex/msu-thesis/msu-thesis.cls
/usr/share/texlive/texmf-dist/tex/latex/musuos/musuos.cls
/usr/share/texlive/texmf-dist/tex/latex/muthesis/third-rep.cls
/usr/share/texlive/texmf-dist/tex/latex/muthesis/muthesis.cls
/usr/share/texlive/texmf-dist/tex/latex/nature/nature.cls
/usr/share/texlive/texmf-dist/tex/latex/nddiss/nddiss2e.cls
/usr/share/texlive/texmf-dist/tex/latex/nih/nih.cls
/usr/share/texlive/texmf-dist/tex/latex/nostarch/nostarch.cls
/usr/share/texlive/texmf-dist/tex/latex/nrc/nrc2.cls
/usr/share/texlive/texmf-dist/tex/latex/nrc/nrc1.cls
/usr/share/texlive/texmf-dist/tex/latex/onrannual/onrannual.cls
/usr/share/texlive/texmf-dist/tex/latex/philosophersimprint/philosophersimprint.cls
/usr/share/texlive/texmf-dist/tex/latex/pittetd/pittetd.cls
/usr/share/texlive/texmf-dist/tex/latex/pkuthss/pkuthss.cls
/usr/share/texlive/texmf-dist/tex/latex/powerdot-FUBerlin/FUpowerdot.cls
/usr/share/texlive/texmf-dist/tex/latex/pracjourn/pracjourn.cls
/usr/share/texlive/texmf-dist/tex/latex/proposal/base/proposal.cls
/usr/share/texlive/texmf-dist/tex/latex/proposal/base/reporting.cls
/usr/share/texlive/texmf-dist/tex/latex/proposal/dfg/dfgproposal.cls
/usr/share/texlive/texmf-dist/tex/latex/proposal/dfg/dfgreporting.cls
/usr/share/texlive/texmf-dist/tex/latex/proposal/eu/euproposal.cls
/usr/share/texlive/texmf-dist/tex/latex/proposal/eu/eureporting.cls
/usr/share/texlive/texmf-dist/tex/latex/ptptex/ptptex.cls
/usr/share/texlive/texmf-dist/tex/latex/resphilosophica/resphilosophica.cls
/usr/share/texlive/texmf-dist/tex/latex/revtex/revtex4-1.cls
/usr/share/texlive/texmf-dist/tex/latex/revtex4/revtex4.cls
/usr/share/texlive/texmf-dist/tex/latex/ryethesis/ryethesis.cls
/usr/share/texlive/texmf-dist/tex/latex/sageep/sageep.cls
/usr/share/texlive/texmf-dist/tex/latex/sapthesis/sapthesis.cls
/usr/share/texlive/texmf-dist/tex/latex/scrjrnl/scrjrnl.cls
/usr/share/texlive/texmf-dist/tex/latex/schule/schuleab.cls
/usr/share/texlive/texmf-dist/tex/latex/schule/schulein.cls
/usr/share/texlive/texmf-dist/tex/latex/schule/schuleit.cls
/usr/share/texlive/texmf-dist/tex/latex/schule/schulekl.cls
/usr/share/texlive/texmf-dist/tex/latex/schule/schuleub.cls
/usr/share/texlive/texmf-dist/tex/latex/schule/schuleue.cls
/usr/share/texlive/texmf-dist/tex/latex/schule/schullsg.cls
/usr/share/texlive/texmf-dist/tex/latex/schule/schullzk.cls
/usr/share/texlive/texmf-dist/tex/latex/spie/spie.cls
/usr/share/texlive/texmf-dist/tex/latex/sr-vorl/sr-vorl.cls
/usr/share/texlive/texmf-dist/tex/latex/stellenbosch/usthesis.cls
/usr/share/texlive/texmf-dist/tex/latex/suftesi/suftesi.cls
/usr/share/texlive/texmf-dist/tex/latex/sugconf/sugconf.cls
/usr/share/texlive/texmf-dist/tex/latex/tabriz-thesis/tabriz-thesis.cls
/usr/share/texlive/texmf-dist/tex/latex/thesis-ekf/thesis-ekf.cls
/usr/share/texlive/texmf-dist/tex/latex/thuthesis/thuthesis.cls
/usr/share/texlive/texmf-dist/tex/latex/toptesi/toptesi.cls
/usr/share/texlive/texmf-dist/tex/latex/tudscr/tudscrartcl.cls
/usr/share/texlive/texmf-dist/tex/latex/tudscr/tudscrbook.cls
/usr/share/texlive/texmf-dist/tex/latex/tudscr/tudscrdoc.cls
/usr/share/texlive/texmf-dist/tex/latex/tudscr/tudscrman.cls
/usr/share/texlive/texmf-dist/tex/latex/tudscr/tudscrreprt.cls
/usr/share/texlive/texmf-dist/tex/latex/tugboat/ltugproc.cls
/usr/share/texlive/texmf-dist/tex/latex/tugboat/ltugboat.cls
/usr/share/texlive/texmf-dist/tex/latex/tui/tui.cls
/usr/share/texlive/texmf-dist/tex/latex/uaclasses/ua-thesis.cls
/usr/share/texlive/texmf-dist/tex/latex/uaclasses/my-thesis.cls
/usr/share/texlive/texmf-dist/tex/latex/uadocs/uacoursetext.cls
/usr/share/texlive/texmf-dist/tex/latex/uadocs/uamasterthesis.cls
/usr/share/texlive/texmf-dist/tex/latex/uafthesis/uafthesis.cls
/usr/share/texlive/texmf-dist/tex/latex/ucbthesis/ucbthesis.cls
/usr/share/texlive/texmf-dist/tex/latex/ucdavisthesis/ucdavisthesis.cls
/usr/share/texlive/texmf-dist/tex/latex/ucthesis/ucthesis.cls
/usr/share/texlive/texmf-dist/tex/latex/uestcthesis/uestcthesis.cls
/usr/share/texlive/texmf-dist/tex/latex/uiucredborder/uiucredborder.cls
/usr/share/texlive/texmf-dist/tex/latex/uiucthesis/uiucthesis.cls
/usr/share/texlive/texmf-dist/tex/latex/ulthese/ulthese.cls
/usr/share/texlive/texmf-dist/tex/latex/umthesis/umthesis.cls
/usr/share/texlive/texmf-dist/tex/latex/umich-thesis/umich-thesis.cls
/usr/share/texlive/texmf-dist/tex/latex/ut-thesis/ut-thesis.cls
/usr/share/texlive/texmf-dist/tex/latex/uothesis/uothesis.cls
/usr/share/texlive/texmf-dist/tex/latex/uowthesis/UoWthesis.cls
/usr/share/texlive/texmf-dist/tex/latex/uspatent/uspatent.cls
/usr/share/texlive/texmf-dist/tex/latex/uwthesis/uwthesis.cls
/usr/share/texlive/texmf-dist/tex/latex/wsemclassic/wsemclassic.cls
/usr/share/texlive/texmf-dist/tex/latex/york-thesis/york-thesis.cls
/usr/share/texlive/texmf-dist/tex/latex/pstricks/pst-doc.cls
/usr/share/texlive/texmf-dist/tex/latex/curve/curve.cls
/usr/share/texlive/texmf-dist/tex/latex/knittingpattern/knittingpattern.cls
/usr/share/texlive/texmf-dist/tex/latex/tikzposter/tikzposter.cls
/usr/share/texlive/texmf-dist/tex/latex/tkz-doc/tkz-doc.cls
/usr/share/texlive/texmf-dist/tex/latex/tufte-latex/tufte-handout.cls
/usr/share/texlive/texmf-dist/tex/latex/tufte-latex/tufte-book.cls
/usr/share/texlive/texmf-dist/tex/latex/beamer/beamer.cls
/usr/share/texlive/texmf-dist/tex/latex/extsizes/extarticle.cls
/usr/share/texlive/texmf-dist/tex/latex/extsizes/extbook.cls
/usr/share/texlive/texmf-dist/tex/latex/extsizes/extletter.cls
/usr/share/texlive/texmf-dist/tex/latex/extsizes/extproc.cls
/usr/share/texlive/texmf-dist/tex/latex/extsizes/extreport.cls
/usr/share/texlive/texmf-dist/tex/latex/koma-script/scrartcl.cls
/usr/share/texlive/texmf-dist/tex/latex/koma-script/scrbook.cls
/usr/share/texlive/texmf-dist/tex/latex/koma-script/scrdoc.cls
/usr/share/texlive/texmf-dist/tex/latex/koma-script/scrlttr2.cls
/usr/share/texlive/texmf-dist/tex/latex/koma-script/scrreprt.cls
/usr/share/texlive/texmf-dist/tex/latex/l3kernel/l3doc.cls
/usr/share/texlive/texmf-dist/tex/latex/memoir/memoir.cls
/usr/share/texlive/texmf-dist/tex/latex/ntgclass/artikel1.cls
/usr/share/texlive/texmf-dist/tex/latex/ntgclass/artikel2.cls
/usr/share/texlive/texmf-dist/tex/latex/ntgclass/artikel3.cls
/usr/share/texlive/texmf-dist/tex/latex/ntgclass/boek.cls
/usr/share/texlive/texmf-dist/tex/latex/ntgclass/boek3.cls
/usr/share/texlive/texmf-dist/tex/latex/ntgclass/brief.cls
/usr/share/texlive/texmf-dist/tex/latex/ntgclass/rapport1.cls
/usr/share/texlive/texmf-dist/tex/latex/ntgclass/rapport3.cls
/usr/share/texlive/texmf-dist/tex/latex/powerdot/powerdot.cls
/usr/share/texlive/texmf-dist/tex/latex/seminar/seminar.cls
/usr/share/texlive/texmf-dist/tex/latex/xkeyval/xkveca.cls
/usr/share/texlive/texmf-dist/tex/latex/xkeyval/xkvecb.cls
/usr/share/texlive/texmf-dist/tex/latex/a0poster/a0poster.cls
/usr/share/texlive/texmf-dist/tex/latex/achemso/achemso.cls
/usr/share/texlive/texmf-dist/tex/latex/akktex/akklecture.cls
/usr/share/texlive/texmf-dist/tex/latex/akktex/akkscript.cls
/usr/share/texlive/texmf-dist/tex/latex/akktex/akktecdoc.cls
/usr/share/texlive/texmf-dist/tex/latex/akletter/akletter.cls
/usr/share/texlive/texmf-dist/tex/latex/akletter/myletter.cls
/usr/share/texlive/texmf-dist/tex/latex/assignment/assignment.cls
/usr/share/texlive/texmf-dist/tex/latex/bhcexam/BHCexam.cls
/usr/share/texlive/texmf-dist/tex/latex/bookest/bookest.cls
/usr/share/texlive/texmf-dist/tex/latex/cd/cd.cls
/usr/share/texlive/texmf-dist/tex/latex/cd-cover/cd-cover.cls
/usr/share/texlive/texmf-dist/tex/latex/cdpbundl/articoletteracdp.cls
/usr/share/texlive/texmf-dist/tex/latex/cdpbundl/lettcdpadi.cls
/usr/share/texlive/texmf-dist/tex/latex/cdpbundl/letteracdp.cls
/usr/share/texlive/texmf-dist/tex/latex/chletter/chletter.cls
/usr/share/texlive/texmf-dist/tex/latex/cnltx/cnltx-doc.cls
/usr/share/texlive/texmf-dist/tex/latex/codedoc/codedoc.cls
/usr/share/texlive/texmf-dist/tex/latex/combine/combine.cls
/usr/share/texlive/texmf-dist/tex/latex/concprog/ConcProg.cls
/usr/share/texlive/texmf-dist/tex/latex/contracard/contracard.cls
/usr/share/texlive/texmf-dist/tex/latex/courseoutline/courseoutline.cls
/usr/share/texlive/texmf-dist/tex/latex/coursepaper/coursepaper.cls
/usr/share/texlive/texmf-dist/tex/latex/cv4tw/cv4tw.cls
/usr/share/texlive/texmf-dist/tex/latex/cweb-latex/cweb.cls
/usr/share/texlive/texmf-dist/tex/latex/dinbrief/dinbrief.cls
/usr/share/texlive/texmf-dist/tex/latex/dtk/dtk.cls
/usr/share/texlive/texmf-dist/tex/latex/dvdcoll/dvdcoll.cls
/usr/share/texlive/texmf-dist/tex/latex/ecv/ecv.cls
/usr/share/texlive/texmf-dist/tex/latex/elpres/elpres.cls
/usr/share/texlive/texmf-dist/tex/latex/emulateapj/emulateapj.cls
/usr/share/texlive/texmf-dist/tex/latex/europecv/europecv.cls
/usr/share/texlive/texmf-dist/tex/latex/exam/exam.cls
/usr/share/texlive/texmf-dist/tex/latex/exam-n/exam-n.cls
/usr/share/texlive/texmf-dist/tex/latex/examdesign/examdesign.cls
/usr/share/texlive/texmf-dist/tex/latex/facsimile/facsimile.cls
/usr/share/texlive/texmf-dist/tex/latex/factura/factura.cls
/usr/share/texlive/texmf-dist/tex/latex/flacards/flacards.cls
/usr/share/texlive/texmf-dist/tex/latex/flashcards/flashcards.cls
/usr/share/texlive/texmf-dist/tex/latex/g-brief/g-brief2.cls
/usr/share/texlive/texmf-dist/tex/latex/g-brief/g-brief.cls
/usr/share/texlive/texmf-dist/tex/latex/gmdoc/gmdocc.cls
/usr/share/texlive/texmf-dist/tex/latex/harnon-cv/harnon-cv.cls
/usr/share/texlive/texmf-dist/tex/latex/hc/hcart.cls
/usr/share/texlive/texmf-dist/tex/latex/hc/hcletter.cls
/usr/share/texlive/texmf-dist/tex/latex/hc/hcreport.cls
/usr/share/texlive/texmf-dist/tex/latex/hc/hcslides.cls
/usr/share/texlive/texmf-dist/tex/latex/hitec/hitec.cls
/usr/share/texlive/texmf-dist/tex/latex/hletter/hletter.cls
/usr/share/texlive/texmf-dist/tex/latex/hpsdiss/hpsdiss.cls
/usr/share/texlive/texmf-dist/tex/latex/image-gallery/image-gallery.cls
/usr/share/texlive/texmf-dist/tex/latex/iso/isov2.cls
/usr/share/texlive/texmf-dist/tex/latex/isodoc/isodoc.cls
/usr/share/texlive/texmf-dist/tex/latex/iwhdp/iwhdp.cls
/usr/share/texlive/texmf-dist/tex/latex/kerntest/kerntest.cls
/usr/share/texlive/texmf-dist/tex/latex/labbook/labbook.cls
/usr/share/texlive/texmf-dist/tex/latex/leaflet/leaflet.cls
/usr/share/texlive/texmf-dist/tex/latex/lettre/lettre.cls
/usr/share/texlive/texmf-dist/tex/latex/limap/limap.cls
/usr/share/texlive/texmf-dist/tex/latex/lt3graph/lt3graph-packagedoc.cls
/usr/share/texlive/texmf-dist/tex/latex/ltxdockit/ltxdockit.cls
/usr/share/texlive/texmf-dist/tex/latex/mdframed/ltxmdf.cls
/usr/share/texlive/texmf-dist/tex/latex/meetingmins/meetingmins.cls
/usr/share/texlive/texmf-dist/tex/latex/moderncv/moderncv.cls
/usr/share/texlive/texmf-dist/tex/latex/mycv/mycv.cls
/usr/share/texlive/texmf-dist/tex/latex/ncclatex/ncc.cls
/usr/share/texlive/texmf-dist/tex/latex/ncclatex/nccproc.cls
/usr/share/texlive/texmf-dist/tex/latex/ncclatex/sibjnm.cls
/usr/share/texlive/texmf-dist/tex/latex/newlfm/newlfm.cls
/usr/share/texlive/texmf-dist/tex/latex/nlctdoc/nlctdoc.cls
/usr/share/texlive/texmf-dist/tex/latex/octavo/octavo.cls
/usr/share/texlive/texmf-dist/tex/latex/paper/paper.cls
/usr/share/texlive/texmf-dist/tex/latex/paper/journal.cls
/usr/share/texlive/texmf-dist/tex/latex/papertex/papertex.cls
/usr/share/texlive/texmf-dist/tex/latex/pbsheet/pbsheet.cls
/usr/share/texlive/texmf-dist/tex/latex/pecha/pecha.cls
/usr/share/texlive/texmf-dist/tex/latex/petiteannonce/petiteannonce.cls
/usr/share/texlive/texmf-dist/tex/latex/postcards/postcards.cls
/usr/share/texlive/texmf-dist/tex/latex/ppr-prv/ppr-prv.cls
/usr/share/texlive/texmf-dist/tex/latex/protocol/protocol.cls
/usr/share/texlive/texmf-dist/tex/latex/qcm/qcm.cls
/usr/share/texlive/texmf-dist/tex/latex/recipe/recipe.cls
/usr/share/texlive/texmf-dist/tex/latex/recipecard/recipecard.cls
/usr/share/texlive/texmf-dist/tex/latex/refman/refart.cls
/usr/share/texlive/texmf-dist/tex/latex/refman/refrep.cls
/usr/share/texlive/texmf-dist/tex/latex/sffms/sffms.cls
/usr/share/texlive/texmf-dist/tex/latex/shipunov/cassete.cls
/usr/share/texlive/texmf-dist/tex/latex/shipunov/etiketka.cls
/usr/share/texlive/texmf-dist/tex/latex/sidenotes/caesar_book.cls
/usr/share/texlive/texmf-dist/tex/latex/simplecv/simplecv.cls
/usr/share/texlive/texmf-dist/tex/latex/skb/skbarticle.cls
/usr/share/texlive/texmf-dist/tex/latex/skb/skbbeamer.cls
/usr/share/texlive/texmf-dist/tex/latex/skb/skbbook.cls
/usr/share/texlive/texmf-dist/tex/latex/skb/skblncsbeamer.cls
/usr/share/texlive/texmf-dist/tex/latex/skb/skblncsppt.cls
/usr/share/texlive/texmf-dist/tex/latex/skb/skbmoderncv.cls
/usr/share/texlive/texmf-dist/tex/latex/skdoc/skdoc.cls
/usr/share/texlive/texmf-dist/tex/latex/skeyval/skeyval-testclass.cls
/usr/share/texlive/texmf-dist/tex/latex/skrapport/skrapport.cls
/usr/share/texlive/texmf-dist/tex/latex/sslides/sslides.cls
/usr/share/texlive/texmf-dist/tex/latex/standalone/standalone.cls
/usr/share/texlive/texmf-dist/tex/latex/stex/cnx/cnx.cls
/usr/share/texlive/texmf-dist/tex/latex/stex/hwexam/hwexam.cls
/usr/share/texlive/texmf-dist/tex/latex/stex/mikoslides/mikoslides.cls
/usr/share/texlive/texmf-dist/tex/latex/stex/omdoc/omdoc.cls
/usr/share/texlive/texmf-dist/tex/latex/subfiles/subfiles.cls
/usr/share/texlive/texmf-dist/tex/latex/talk/talk.cls
/usr/share/texlive/texmf-dist/tex/latex/tcldoc/tclldoc.cls
/usr/share/texlive/texmf-dist/tex/latex/tcldoc/tcldoc.cls
/usr/share/texlive/texmf-dist/tex/latex/texpower/powersem.cls
/usr/share/texlive/texmf-dist/tex/latex/uebungsblatt/uebungsblatt.cls
/usr/share/texlive/texmf-dist/tex/latex/upmethodology/upmethodology-document.cls
/usr/share/texlive/texmf-dist/tex/latex/uwmslide/uwmslide.cls
/usr/share/texlive/texmf-dist/tex/latex/withargs/withargs-packagedoc.cls
/usr/share/texlive/texmf-dist/tex/latex/ydoc/ydoc.cls
/usr/share/texlive/texmf-dist/tex/latex/amscls/amsbook.cls
/usr/share/texlive/texmf-dist/tex/latex/amscls/amsdtx.cls
/usr/share/texlive/texmf-dist/tex/latex/amscls/amsldoc.cls
/usr/share/texlive/texmf-dist/tex/latex/amscls/amsproc.cls
/usr/share/texlive/texmf-dist/tex/latex/amscls/amsart.cls
/usr/share/texlive/texmf-dist/tex/latex/base/article.cls
/usr/share/texlive/texmf-dist/tex/latex/base/book.cls
/usr/share/texlive/texmf-dist/tex/latex/base/letter.cls
/usr/share/texlive/texmf-dist/tex/latex/base/ltnews.cls
/usr/share/texlive/texmf-dist/tex/latex/base/ltxdoc.cls
/usr/share/texlive/texmf-dist/tex/latex/base/ltxguide.cls
/usr/share/texlive/texmf-dist/tex/latex/base/minimal.cls
/usr/share/texlive/texmf-dist/tex/latex/base/proc.cls
/usr/share/texlive/texmf-dist/tex/latex/base/report.cls
/usr/share/texlive/texmf-dist/tex/latex/base/slides.cls
/usr/share/texlive/texmf-dist/tex/latex/ltxmisc/beletter.cls
/usr/share/texlive/texmf-dist/tex/latex/ltxmisc/flashcard.cls
/usr/share/texlive/texmf-dist/tex/latex/ltxmisc/iagproc.cls
/usr/share/texlive/texmf-dist/tex/latex/ltxmisc/abstbook.cls
/usr/share/texlive/texmf-dist/tex/latex/hrlatex/fsbispit.cls
/usr/share/texlive/texmf-dist/tex/latex/eskdx/eskdtext.cls
/usr/share/texlive/texmf-dist/tex/latex/eskdx/eskdgraph.cls
/usr/share/texlive/texmf-dist/tex/latex/eskdx/eskdtab.cls
/usr/share/texlive/texmf-dist/tex/latex/eskd/eskd.cls
/usr/share/texlive/texmf-dist/tex/latex/disser/gost732.cls
/usr/share/texlive/texmf-dist/tex/latex/disser/disser.cls
/usr/share/texlive/texmf-dist/tex/latex/arabtex/arabart.cls
/usr/share/texlive/texmf-dist/tex/latex/arabtex/arabrep.cls
/usr/share/texlive/texmf-dist/tex/latex/arabtex/arabrep1.cls
/usr/share/texlive/texmf-dist/tex/latex/arabtex/arabbook.cls
/usr/share/texlive/texmf-dist/tex/latex/jura/jura.cls
/usr/share/texlive/texmf-dist/tex/latex/juramisc/jurabook.cls
/usr/share/texlive/texmf-dist/tex/latex/juramisc/juraovw.cls
/usr/share/texlive/texmf-dist/tex/latex/juramisc/juraurtl.cls
/usr/share/texlive/texmf-dist/tex/latex/plari/plari.cls
/usr/share/texlive/texmf-dist/tex/latex/play/play.cls
/usr/share/texlive/texmf-dist/tex/latex/rtklage/rtklage.cls
/usr/share/texlive/texmf-dist/tex/latex/screenplay/screenplay.cls
/usr/share/texlive/texmf-dist/tex/latex/sides/sides.cls
/usr/share/texlive/texmf-dist/tex/latex/stage/stage.cls
/usr/share/texlive/texmf-dist/tex/latex/schwalbe-chess/schwalbe.cls
/usr/share/texlive/texmf-dist/tex/latex/economic/agecon.cls
/usr/share/texlive/texmf-dist/tex/latex/economic/ajae.cls
/usr/share/texlive/texmf-dist/tex/latex/economic/apecon.cls
/usr/share/texlive/texmf-dist/tex/latex/economic/ecca.cls
/usr/share/texlive/texmf-dist/tex/latex/economic/erae.cls
/usr/share/texlive/texmf-dist/tex/latex/economic/itaxpf.cls
/usr/share/texlive/texmf-dist/tex/latex/economic/jrurstud.cls
/usr/share/texlive/texmf-dist/tex/latex/economic/njf.cls
/usr/share/texlive/texmf-dist/tex/latex/economic/oegatb.cls
/usr/share/texlive/texmf-dist/tex/latex/economic/pocoec.cls
/usr/share/texlive/texmf-dist/tex/latex/economic/regstud.cls
/usr/share/texlive/texmf-dist/tex/latex/economic/worlddev.cls
/usr/share/texlive/texmf-dist/tex/latex/bangtex/barticle.cls
/usr/share/texlive/texmf-dist/tex/latex/bangtex/bbook.cls
/usr/share/texlive/texmf-dist/tex/latex/bangtex/bletter.cls
/usr/share/texlive/texmf-dist/tex/latex/dithesis/dithesis.cls
/usr/share/texlive/texmf-dist/tex/latex/sphdthesis/SPhdThesis.cls
/usr/share/texlive/texmf-dist/tex/latex/komacv/komacv.cls
/usr/share/texlive/texmf-dist/tex/latex/bangorcsthesis/bangorcsthesis.cls
/usr/share/texlive/texmf-dist/tex/latex/mugsthesis/mugsthesis.cls
/usr/share/texlive/texmf-dist/tex/latex/yathesis/yathesis.cls
/usr/share/texlive/texmf-dist/tex/generic/dcpic/europroc.cls
/usr/share/texlive/texmf-dist/tex/generic/xypic/movie.cls
/usr/share/texlive/texmf-dist/tex/xelatex/xepersian/xepersian-magazine.cls
/usr/share/texlive/texmf-dist/tex/xelatex/resumecls/resumecls.cls
/usr/share/texlive/texmf-dist/tex/xelatex/imsproc/imsproc.cls
/usr/share/texlive/texmf-dist/tex/xelatex/bidi/biditufte-handout.cls
/usr/share/texlive/texmf-dist/tex/xelatex/bidi/bidimoderncv.cls
/usr/share/texlive/texmf-dist/tex/xelatex/bidi/biditufte-book.cls
